../Core/Src/main.c:134:6:HAL_ADC_ConvCpltCallback	16	static
../Core/Src/main.c:139:6:HAL_GPIO_EXTI_Callback	16	static
../Core/Src/main.c:156:5:main	80	static
../Core/Src/main.c:258:6:SystemClock_Config	88	static
../Core/Src/main.c:313:13:MX_ADC1_Init	24	static
../Core/Src/main.c:365:13:MX_ADC2_Init	24	static
../Core/Src/main.c:417:13:MX_TIM1_Init	32	static
../Core/Src/main.c:463:13:MX_USART2_UART_Init	8	static
../Core/Src/main.c:496:13:MX_GPIO_Init	40	static
../Core/Src/main.c:548:6:delay	24	static
../Core/Src/main.c:562:6:send_to_lcd	16	static
../Core/Src/main.c:579:6:lcd_send_cmd	24	static
../Core/Src/main.c:592:6:lcd_send_data	24	static
../Core/Src/main.c:605:6:lcd_clear	8	static
../Core/Src/main.c:611:6:lcd_put_cur	16	static
../Core/Src/main.c:627:6:lcd_init	8	static
../Core/Src/main.c:639:6:lcd_send_string	16	static
../Core/Src/main.c:653:6:StartPulseTask	16	static
../Core/Src/main.c:706:6:StartTempTask	16	static
../Core/Src/main.c:741:6:Callback_a_min_timer	32	static
../Core/Src/main.c:877:6:HAL_TIM_PeriodElapsedCallback	16	static
../Core/Src/main.c:894:6:Error_Handler	4	static,ignoring_inline_asm
